// Jest Snapshot v1, https://goo.gl/fbAQLP

exports[`StatusBar should render 1`] = `
<div
  className="c-panorama-status-bar"
>
  <div
    className="c-panorama-status-bar__items"
  >
    <div
      className="c-panorama-status-bar__history"
    >
      <span />
    </div>
    <div
      className="c-panorama-status-bar__coordinates"
    >
      <span>
        12.00, 9.00 (2.0000000, 3.0000000)
      </span>
    </div>
  </div>
</div>
`;
