// Jest Snapshot v1, https://goo.gl/fbAQLP

exports[`StatusBar should render 1`] = `
<div
  className="c-panorama-status-bar"
>
  <Connect(PanoramaToggle)
    heading={999}
    history={Object {}}
    historyOptions={
      Array [
        Object {
          "label": "Meest recent",
          "layerName": "pano",
          "tags": Array [
            "mission-bi",
          ],
        },
        Object {
          "label": "Alleen 2018",
          "layerName": "pano2018bi",
          "tags": Array [
            "mission-bi",
            "mission-2018",
          ],
        },
        Object {
          "label": "Alleen 2017",
          "layerName": "pano2017bi",
          "tags": Array [
            "mission-bi",
            "mission-2017",
          ],
        },
        Object {
          "label": "Alleen 2016",
          "layerName": "pano2016bi",
          "tags": Array [
            "mission-bi",
            "mission-2016",
          ],
        },
        Object {
          "label": "Alleen 2018 WOZ",
          "layerName": "pano2018woz",
          "tags": Array [
            "mission-woz",
            "mission-2018",
          ],
        },
        Object {
          "label": "Alleen 2017 WOZ",
          "layerName": "pano2017woz",
          "tags": Array [
            "mission-woz",
            "mission-2017",
          ],
        },
      ]
    }
    location={
      Array [
        2,
        3,
      ]
    }
  />
  <div
    className="c-panorama-status-bar__info"
  >
    <div
      className="c-panorama-status-bar__info-item"
    >
      <span>
        12.00, 9.00 (2.0000000, 3.0000000)
      </span>
    </div>
    <div
      className="c-panorama-status-bar__info-item"
    >
      <span />
    </div>
  </div>
</div>
`;
