// Jest Snapshot v1, https://goo.gl/fbAQLP

exports[`Footer should render 1`] = `
<Footer>
  <FooterTop>
    <Row
      debug={false}
      debugColor="rgba(51,102,153,0.75)"
      hasMargin={true}
    >
      <Column
        debug={false}
        debugColor="rgba(51,102,153,0.5)"
        order={0}
        push={0}
        span={
          Object {
            "big": 2,
            "large": 4,
            "medium": 2,
            "small": 1,
            "xLarge": 4,
          }
        }
        wrap={true}
      >
        <FooterToggle
          hideAt="tabletM"
          title="Colofon"
        >
          <FooterContent
            indent={true}
          >
            <ColofonLinks />
          </FooterContent>
        </FooterToggle>
        <FooterContent
          showAt="tabletM"
        >
          <FooterHeading
            $as="h3"
          >
            Colofon
          </FooterHeading>
          <ColofonLinks />
        </FooterContent>
      </Column>
      <Column
        debug={false}
        debugColor="rgba(51,102,153,0.5)"
        order={0}
        push={0}
        span={
          Object {
            "big": 2,
            "large": 4,
            "medium": 2,
            "small": 1,
            "xLarge": 4,
          }
        }
        wrap={true}
      >
        <FooterToggle
          hideAt="tabletM"
          title="Volg de gemeente"
        >
          <FooterContent
            indent={true}
          >
            <FollowLinks />
          </FooterContent>
        </FooterToggle>
        <FooterContent
          showAt="tabletM"
        >
          <FooterHeading
            $as="h3"
          >
            Volg de gemeente
          </FooterHeading>
          <FollowLinks />
        </FooterContent>
      </Column>
      <Column
        debug={false}
        debugColor="rgba(51,102,153,0.5)"
        order={0}
        push={0}
        span={
          Object {
            "big": 2,
            "large": 4,
            "medium": 2,
            "small": 1,
            "xLarge": 4,
          }
        }
        wrap={true}
      >
        <FooterToggle
          hideAt="tabletM"
          title="Vragen?"
        >
          <FooterContent
            indent={true}
          >
            <HelpLinks />
          </FooterContent>
        </FooterToggle>
        <FooterContent
          showAt="tabletM"
        >
          <FooterHeading
            $as="h3"
            styleAs="h3"
          >
            Vragen?
          </FooterHeading>
          <HelpLinks />
        </FooterContent>
      </Column>
    </Row>
  </FooterTop>
  <FooterBottom>
    <Row
      debug={false}
      debugColor="rgba(51,102,153,0.75)"
      hasMargin={true}
    >
      <Column
        debug={false}
        debugColor="rgba(51,102,153,0.5)"
        order={0}
        push={0}
        span={
          Object {
            "big": 6,
            "large": 10,
            "medium": 2,
            "small": 1,
            "xLarge": 10,
          }
        }
        wrap={true}
      >
        <Styled(List)>
          <Styled(ListItem)>
            <StyledLink
              to={
                Object {
                  "type": "atlasRouter/PROCLAIMER",
                }
              }
            >
              Privacy en cookies
            </StyledLink>
          </Styled(ListItem)>
        </Styled(List)>
      </Column>
    </Row>
  </FooterBottom>
</Footer>
`;
