// Jest Snapshot v1, https://goo.gl/fbAQLP

exports[`HomepageAddressBlock should render links 1`] = `
<HomepageBlock
  blockIsLink={false}
  classes=""
  description="Selecteer en download als spreadsheet"
  hasTallDescription={true}
  linkAction={
    Object {
      "type": "atlasRouter/ADDRESSES",
    }
  }
  title="Adressentabel"
>
  <div
    className="homepage-block"
  >
    <div
      className="homepage-block__item "
      key="ADRESSEN"
    >
      <Connect(Link)
        className="c-link homepage-block__link"
        title="Bekijk Adressentabel"
        to={
          Object {
            "meta": Object {
              "query": Object {},
            },
            "type": "atlasRouter/ADDRESSES",
          }
        }
      >
        <span
          className="homepage-block__icon homepage-block__icon--bag"
        />
        <span
          className="homepage-block__label"
        >
          Adressentabel
        </span>
      </Connect(Link)>
    </div>
    <div
      className="homepage-block__item "
      key="HANDELSREGISTER"
    >
      <Connect(Link)
        className="c-link homepage-block__link"
        title="Bekijk handelsregister-tabel"
        to={
          Object {
            "meta": Object {
              "query": Object {},
            },
            "type": "atlasRouter/ESTABLISHMENTS",
          }
        }
      >
        <span
          className="homepage-block__icon homepage-block__icon--hr"
        />
        <span
          className="homepage-block__label"
        >
          Handelsregister-tabel
        </span>
      </Connect(Link)>
    </div>
    <div
      className="homepage-block__item "
      key="KADASTER"
    >
      <Connect(Link)
        className="c-link homepage-block__link"
        title="Bekijk kadaster-tabel"
        to={
          Object {
            "meta": Object {
              "query": Object {},
            },
            "type": "atlasRouter/CADASTRAL_OBJECTS",
          }
        }
      >
        <span
          className="homepage-block__icon homepage-block__icon--brk"
        />
        <span
          className="homepage-block__label"
        >
          Kadaster-tabel
        </span>
      </Connect(Link)>
    </div>
  </div>
</HomepageBlock>
`;
