// Jest Snapshot v1, https://goo.gl/fbAQLP

exports[`PanoramaContainer should render 1`] = `
<AngularWrapper
  bindings={
    Object {
      "doClose": [Function],
      "hotspots": Array [],
      "isFullscreen": false,
      "resize": false,
      "state": Object {},
    }
  }
  component="dpStraatbeeld"
  dependencies={
    Array [
      "atlas",
    ]
  }
  interpolateBindings={Object {}}
  moduleName="dpStraatbeeldWrapper"
/>
`;
