// Jest Snapshot v1, https://goo.gl/fbAQLP

exports[`SearchContainer should render 1`] = `
<div
  className="qa-search-results"
>
  <AngularWrapper
    bindings={
      Object {
        "isLoading": false,
        "isPreviewPanoramaLoading": false,
        "location": Array [
          321,
          123,
        ],
        "numberOfResults": 12,
        "previewPanorama": Object {
          "heading": 99,
          "id": 42,
          "url": "testUrl",
        },
        "user": Object {},
      }
    }
    component="dpSearchResults"
    dependencies={
      Array [
        "atlas",
      ]
    }
    interpolateBindings={
      Object {
        "category": null,
        "query": null,
      }
    }
    moduleName="dpMapSearchWrapper"
  />
</div>
`;
