// Jest Snapshot v1, https://goo.gl/fbAQLP

exports[`QueryParameters should match the snapshot 1`] = `
Object {
  "category": Object {
    "routes": Object {
      "atlasRouter/SEARCH_DATA": Object {
        "addHistory": true,
        "decode": [Function],
        "defaultValue": undefined,
        "encode": [Function],
        "reducerKey": "dataSearch",
        "selector": [Function],
        "stateKey": "category",
      },
    },
  },
  "center": Object {
    "routes": Object {
      "atlasRouter/ADDRESSES": Object {
        "addHistory": true,
        "decode": [Function],
        "defaultValue": Array [
          52.3731081,
          4.8932945,
        ],
        "encode": [Function],
        "reducerKey": "map",
        "selector": [Function],
        "stateKey": "viewCenter",
      },
      "atlasRouter/CADASTRAL_OBJECTS": Object {
        "addHistory": true,
        "decode": [Function],
        "defaultValue": Array [
          52.3731081,
          4.8932945,
        ],
        "encode": [Function],
        "reducerKey": "map",
        "selector": [Function],
        "stateKey": "viewCenter",
      },
      "atlasRouter/ESTABLISHMENTS": Object {
        "addHistory": true,
        "decode": [Function],
        "defaultValue": Array [
          52.3731081,
          4.8932945,
        ],
        "encode": [Function],
        "reducerKey": "map",
        "selector": [Function],
        "stateKey": "viewCenter",
      },
      "atlasRouter/MAP": Object {
        "addHistory": true,
        "decode": [Function],
        "defaultValue": Array [
          52.3731081,
          4.8932945,
        ],
        "encode": [Function],
        "reducerKey": "map",
        "selector": [Function],
        "stateKey": "viewCenter",
      },
    },
  },
  "embed": Object {
    "routes": Object {
      "atlasRouter/MAP": Object {
        "addHistory": true,
        "decode": [Function],
        "defaultValue": false,
        "encode": [Function],
        "reducerKey": "ui",
        "selector": [Function],
        "stateKey": "isEmbed",
      },
    },
  },
  "embed-preview": Object {
    "routes": Object {
      "atlasRouter/MAP": Object {
        "addHistory": true,
        "decode": [Function],
        "defaultValue": false,
        "encode": [Function],
        "reducerKey": "ui",
        "selector": [Function],
        "stateKey": "isEmbedPreview",
      },
    },
  },
  "filters": Object {
    "routes": Object {
      "atlasRouter/ADDRESSES": Object {
        "addHistory": true,
        "decode": [Function],
        "defaultValue": Object {},
        "encode": [Function],
        "reducerKey": "filter",
        "selector": [Function],
        "stateKey": "filters",
      },
      "atlasRouter/CADASTRAL_OBJECTS": Object {
        "addHistory": true,
        "decode": [Function],
        "defaultValue": Object {},
        "encode": [Function],
        "reducerKey": "filter",
        "selector": [Function],
        "stateKey": "filters",
      },
      "atlasRouter/DATASETS": Object {
        "addHistory": true,
        "decode": [Function],
        "defaultValue": Object {},
        "encode": [Function],
        "reducerKey": "filter",
        "selector": [Function],
        "stateKey": "filters",
      },
      "atlasRouter/ESTABLISHMENTS": Object {
        "addHistory": true,
        "decode": [Function],
        "defaultValue": Object {},
        "encode": [Function],
        "reducerKey": "filter",
        "selector": [Function],
        "stateKey": "filters",
      },
      "atlasRouter/SEARCH_DATA": Object {
        "addHistory": true,
        "decode": [Function],
        "defaultValue": Object {},
        "encode": [Function],
        "reducerKey": "filter",
        "selector": [Function],
        "stateKey": "filters",
      },
      "atlasRouter/SEARCH_DATASETS": Object {
        "addHistory": true,
        "decode": [Function],
        "defaultValue": Object {},
        "encode": [Function],
        "reducerKey": "filter",
        "selector": [Function],
        "stateKey": "filters",
      },
    },
  },
  "geo": Object {
    "routes": Object {
      "atlasRouter/ADDRESSES": Object {
        "addHistory": true,
        "decode": [Function],
        "encode": [Function],
        "reducerKey": "dataSelection",
        "selector": [Function],
        "stateKey": "geometryFilter",
      },
      "atlasRouter/CADASTRAL_OBJECTS": Object {
        "addHistory": true,
        "decode": [Function],
        "encode": [Function],
        "reducerKey": "dataSelection",
        "selector": [Function],
        "stateKey": "geometryFilter",
      },
      "atlasRouter/ESTABLISHMENTS": Object {
        "addHistory": true,
        "decode": [Function],
        "encode": [Function],
        "reducerKey": "dataSelection",
        "selector": [Function],
        "stateKey": "geometryFilter",
      },
    },
  },
  "heading": Object {
    "routes": Object {
      "atlasRouter/PANORAMA": Object {
        "addHistory": true,
        "decode": [Function],
        "defaultValue": 0,
        "encode": [Function],
        "reducerKey": "panorama",
        "selector": [Function],
        "stateKey": "heading",
      },
    },
  },
  "lagen": Object {
    "routes": Object {
      "atlasRouter/DATA_DETAIL": Object {
        "addHistory": true,
        "decode": [Function],
        "defaultValue": Array [],
        "encode": [Function],
        "reducerKey": "map",
        "selector": [Function],
        "stateKey": "overlays",
      },
      "atlasRouter/MAP": Object {
        "addHistory": true,
        "decode": [Function],
        "defaultValue": Array [],
        "encode": [Function],
        "reducerKey": "map",
        "selector": [Function],
        "stateKey": "overlays",
      },
    },
  },
  "legenda": Object {
    "routes": Object {
      "atlasRouter/DATA_DETAIL": Object {
        "addHistory": true,
        "decode": [Function],
        "defaultValue": true,
        "encode": [Function],
        "reducerKey": "map",
        "selector": [Function],
        "stateKey": "mapPanelActive",
      },
      "atlasRouter/MAP": Object {
        "addHistory": true,
        "decode": [Function],
        "defaultValue": true,
        "encode": [Function],
        "reducerKey": "map",
        "selector": [Function],
        "stateKey": "mapPanelActive",
      },
    },
  },
  "locatie": Object {
    "routes": Object {
      "atlasRouter/MAP": Object {
        "addHistory": true,
        "decode": [Function],
        "defaultValue": null,
        "encode": [Function],
        "reducerKey": "dataSearch",
        "selector": [Function],
        "stateKey": "geoSearch",
      },
      "atlasRouter/PANORAMA": Object {
        "addHistory": true,
        "decode": [Function],
        "defaultValue": null,
        "encode": [Function],
        "reducerKey": "panorama",
        "selector": [Function],
        "stateKey": "location",
      },
      "atlasRouter/SEARCH_DATA": Object {
        "addHistory": true,
        "decode": [Function],
        "defaultValue": null,
        "encode": [Function],
        "reducerKey": "dataSearch",
        "selector": [Function],
        "stateKey": "geoSearch",
      },
    },
  },
  "page": Object {
    "routes": Object {
      "atlasRouter/ADDRESSES": Object {
        "addHistory": true,
        "decode": [Function],
        "defaultValue": 1,
        "encode": [Function],
        "reducerKey": "dataSelection",
        "selector": [Function],
        "stateKey": "page",
      },
      "atlasRouter/CADASTRAL_OBJECTS": Object {
        "addHistory": true,
        "decode": [Function],
        "defaultValue": 1,
        "encode": [Function],
        "reducerKey": "dataSelection",
        "selector": [Function],
        "stateKey": "page",
      },
      "atlasRouter/DATASETS": Object {
        "addHistory": true,
        "decode": [Function],
        "defaultValue": 1,
        "encode": [Function],
        "reducerKey": "datasets.datasetData",
        "selector": [Function],
        "stateKey": "page",
      },
      "atlasRouter/ESTABLISHMENTS": Object {
        "addHistory": true,
        "decode": [Function],
        "defaultValue": 1,
        "encode": [Function],
        "reducerKey": "dataSelection",
        "selector": [Function],
        "stateKey": "page",
      },
    },
  },
  "pitch": Object {
    "routes": Object {
      "atlasRouter/PANORAMA": Object {
        "addHistory": true,
        "decode": [Function],
        "defaultValue": 0,
        "encode": [Function],
        "reducerKey": "panorama",
        "selector": [Function],
        "stateKey": "pitch",
      },
    },
  },
  "print": Object {
    "routes": Object {
      "atlasRouter/MAP": Object {
        "addHistory": true,
        "decode": [Function],
        "defaultValue": false,
        "encode": [Function],
        "reducerKey": "ui",
        "selector": [Function],
        "stateKey": "isPrintMode",
      },
    },
  },
  "reference": Object {
    "routes": Object {
      "atlasRouter/PANORAMA": Object {
        "addHistory": false,
        "decode": [Function],
        "defaultValue": Array [],
        "encode": [Function],
        "reducerKey": "panorama",
        "selector": [Function],
        "stateKey": "reference",
      },
    },
  },
  "set": Object {
    "routes": Object {
      "atlasRouter/PANORAMA": Object {
        "addHistory": true,
        "decode": [Function],
        "defaultValue": Object {
          "label": "Meest recent",
          "layerName": "pano",
          "missionType": "bi",
          "year": 0,
        },
        "encode": [Function],
        "reducerKey": "panorama",
        "selector": [Function],
        "stateKey": "history",
      },
    },
  },
  "term": Object {
    "routes": Object {
      "atlasRouter/SEARCH_DATA": Object {
        "addHistory": true,
        "decode": [Function],
        "defaultValue": "",
        "encode": [Function],
        "reducerKey": "dataSearch",
        "selector": [Function],
        "stateKey": "query",
      },
      "atlasRouter/SEARCH_DATASETS": Object {
        "addHistory": true,
        "decode": [Function],
        "defaultValue": "",
        "encode": [Function],
        "reducerKey": "dataSearch",
        "selector": [Function],
        "stateKey": "query",
      },
    },
  },
  "view": Object {
    "routes": Object {
      "atlasRouter/ADDRESSES": Object {
        "addHistory": true,
        "decode": [Function],
        "encode": [Function],
        "reducerKey": "dataSelection",
        "selector": [Function],
        "stateKey": "view",
      },
      "atlasRouter/CADASTRAL_OBJECTS": Object {
        "addHistory": true,
        "decode": [Function],
        "encode": [Function],
        "reducerKey": "dataSelection",
        "selector": [Function],
        "stateKey": "view",
      },
      "atlasRouter/DATA_DETAIL": Object {
        "addHistory": true,
        "decode": [Function],
        "defaultValue": "kaart",
        "encode": [Function],
        "reducerKey": "detail",
        "selector": [Function],
        "stateKey": "view",
      },
      "atlasRouter/ESTABLISHMENTS": Object {
        "addHistory": true,
        "decode": [Function],
        "encode": [Function],
        "reducerKey": "dataSelection",
        "selector": [Function],
        "stateKey": "view",
      },
      "atlasRouter/PANORAMA": Object {
        "addHistory": true,
        "decode": [Function],
        "defaultValue": "beeld-kaart",
        "encode": [Function],
        "reducerKey": "panorama",
        "selector": [Function],
        "stateKey": "view",
      },
    },
  },
  "zoom": Object {
    "routes": Object {
      "atlasRouter/DATA_DETAIL": Object {
        "addHistory": true,
        "decode": [Function],
        "defaultValue": 11,
        "encode": [Function],
        "reducerKey": "map",
        "selector": [Function],
        "stateKey": "zoom",
      },
      "atlasRouter/MAP": Object {
        "addHistory": true,
        "decode": [Function],
        "defaultValue": 11,
        "encode": [Function],
        "reducerKey": "map",
        "selector": [Function],
        "stateKey": "zoom",
      },
      "atlasRouter/SEARCH_DATA": Object {
        "addHistory": true,
        "decode": [Function],
        "defaultValue": 11,
        "encode": [Function],
        "reducerKey": "map",
        "selector": [Function],
        "stateKey": "zoom",
      },
    },
  },
}
`;
