// Jest Snapshot v1, https://goo.gl/fbAQLP

exports[`MapPanelHandle should render children by default 1`] = `
<div
  className="
    map-panel-handle
    map-panel-handle--visible
  "
>
  <button
    className="
        map-panel-handle__toggle
        map-panel-handle__toggle--icon-collapse
      "
    onClick={[Function]}
    type="button"
  >
    <span
      className="u-sr-only"
    >
      Kaartlagen verbergen
    </span>
  </button>
  <div
    className="children-test"
  />
</div>
`;
