// Jest Snapshot v1, https://goo.gl/fbAQLP

exports[`QuerySearch should not render while loading 1`] = `
<div
  className="c-data-selection c-dashboard__content"
>
  <LoadingIndicator
    IconComponent={
      <Spinner
        color="secondary"
        size={36}
      />
    }
  />
</div>
`;

exports[`QuerySearch should render with results 1`] = `
<div
  className="c-data-selection c-dashboard__content"
>
  <div
    className="qa-data-selection-content"
  >
    <Connect(TabBar)>
      <Tabs
        currentPage="data"
      >
        <Tab
          count={0}
          isSelected={false}
          label="Data"
          onClick={[Function]}
          page="DATA_SEARCH_QUERY"
        />
        <Tab
          count={0}
          isSelected={false}
          label="Datasets"
          onClick={[Function]}
          page="DATASET_SEARCH"
        />
      </Tabs>
    </Connect(TabBar)>
    <div
      className="qa-search-results"
    />
  </div>
</div>
`;
