// Jest Snapshot v1, https://goo.gl/fbAQLP

exports[`QuerySearchContainer should render 1`] = `
<QuerySearch
  currentPage="NOT_FOUND"
  filters={Object {}}
  isLoading={false}
  numberOfDataResults={1}
  numberOfDatasetResults={1}
  store={
    Object {
      "clearActions": [Function],
      "dispatch": [Function],
      "getActions": [Function],
      "getState": [Function],
      "replaceReducer": [Function],
      "subscribe": [Function],
    }
  }
  toDataPage={[Function]}
  toDatasetPage={[Function]}
  user={
    Object {
      "authenticated": false,
      "scopes": Array [],
    }
  }
/>
`;
