// Jest Snapshot v1, https://goo.gl/fbAQLP

exports[`SearchPageResults should render the correct results component for the search page  when no results 1`] = `
<StyledComponent
  forwardedComponent={
    Object {
      "$$typeof": Symbol(react.forward_ref),
      "attrs": Array [],
      "componentStyle": ComponentStyle {
        "componentId": "sc-krDsej",
        "isStatic": false,
        "rules": Array [
          "
  flex-direction: column;
  justify-content: flex-start;
",
        ],
      },
      "displayName": "Styled(Column)",
      "foldedComponentIds": Array [],
      "render": [Function],
      "styledComponentId": "sc-krDsej",
      "target": [Function],
      "toString": [Function],
      "warnTooManyClasses": [Function],
      "withComponent": [Function],
    }
  }
  forwardedRef={null}
  push={
    Object {
      "big": 0,
      "large": 1,
      "medium": 0,
      "small": 0,
      "xLarge": 1,
    }
  }
  span={
    Object {
      "big": 12,
      "large": 7,
      "medium": 12,
      "small": 12,
      "xLarge": 8,
    }
  }
  wrap={true}
/>
`;
