// Jest Snapshot v1, https://goo.gl/fbAQLP

exports[`DatasetDetailContainer should render 1`] = `
<div
  className="c-dashboard__content qa-detail"
>
  <AngularWrapper
    bindings={
      Object {
        "catalogFilters": Object {},
        "detailData": undefined,
        "detailTemplateUrl": undefined,
        "isLoading": false,
        "user": Object {},
      }
    }
    component="dpDetail"
    dependencies={
      Array [
        "atlas",
      ]
    }
    interpolateBindings={
      Object {
        "endpoint": "https://acc.api.data.amsterdam.nl/dcatd/datasets/2",
      }
    }
    moduleName="dpDetailWrapper"
  />
  <div
    className="u-row"
  >
    <div
      className="u-col-sm--12"
    >
      <div
        className="u-margin__left--2 u-margin__bottom--2"
      >
        <Connect(ShareBar) />
      </div>
    </div>
  </div>
</div>
`;
