// Jest Snapshot v1, https://goo.gl/fbAQLP

exports[`DatasetDetail should render 1`] = `
<div
  className="c-dashboard__content qa-detail"
>
  <HelmetWrapper
    defer={true}
    encodeSpecialCharacters={true}
  >
    <link
      href="/foo/foo"
      rel="canonical"
    />
    <meta
      content="foo foo foo"
      name="description"
    />
  </HelmetWrapper>
  <AngularWrapper
    angularInstance={
      Object {
        "$$csp": [Function],
        "$$encodeUriQuery": [Function],
        "$$encodeUriSegment": [Function],
        "$$lowercase": [Function],
        "$$minErr": [Function],
        "$$stringify": [Function],
        "$$uppercase": [Function],
        "$interpolateMinErr": [Function],
        "bind": [Function],
        "bootstrap": [Function],
        "callbacks": Object {
          "$$counter": 0,
        },
        "copy": [Function],
        "element": [Function],
        "equals": [Function],
        "errorHandlingConfig": [Function],
        "extend": [Function],
        "forEach": [Function],
        "fromJson": [Function],
        "getTestability": [Function],
        "identity": [Function],
        "injector": [Function],
        "isArray": [Function],
        "isDate": [Function],
        "isDefined": [Function],
        "isElement": [Function],
        "isFunction": [Function],
        "isNumber": [Function],
        "isObject": [Function],
        "isString": [Function],
        "isUndefined": [Function],
        "merge": [Function],
        "module": [Function],
        "noop": [Function],
        "reloadWithDebugInfo": [Function],
        "toJson": [Function],
        "version": Object {
          "codeName": "pollution-eradication",
          "dot": 9,
          "full": "1.7.9",
          "major": 1,
          "minor": 7,
        },
      }
    }
    bindings={
      Object {
        "catalogFilters": Object {},
        "detailData": undefined,
        "detailTemplateUrl": undefined,
        "isLoading": false,
        "user": Object {},
      }
    }
    component="dpDetail"
    dependencies={
      Array [
        "atlas",
      ]
    }
    interpolateBindings={
      Object {
        "endpoint": "http://example.com",
      }
    }
    moduleName="dpDetailWrapper"
  />
  <div
    className="u-row"
  >
    <div
      className="u-col-sm--12"
    >
      <div
        className="u-margin__left--2 u-margin__bottom--2"
      >
        <Connect(ShareBar) />
      </div>
    </div>
  </div>
</div>
`;
