// Jest Snapshot v1, https://goo.gl/fbAQLP

exports[`SpecialsPage should call the fetchData function when the component mounts 1`] = `
<div
  class="blog-page sc-fMiknA dFehsU"
>
  <div
    class="sc-dVhcbM iHzKGp"
  >
    <div
      class="blog-page__body"
    >
      <div
        class="loading-indicator"
      >
        <div
          class="sc-dNLxif dLqXgG"
          size="36"
        >
          <span
            class="sc-ifAKCX kBatGK"
            color="secondary"
            size="36"
          >
            <svg
              focusable="false"
              viewBox="0 0 100 100"
            >
              <path
                d="M50 100C22.4 99.967.033 77.6 0 50h10c0 22.091 17.909 40 40 40s40-17.909 40-40-17.909-40-40-40V0c27.614 0 50 22.386 50 50s-22.386 50-50 50z"
              />
            </svg>
          </span>
        </div>
      </div>
      <div
        class="iframe-container "
      >
        <div
          class="sc-eqIVtm gPnzQh"
        >
          <section
            class="sc-cJSrbW jYGWpL"
          >
            <div
              class="sc-fBuWsC ocKFZ"
            >
              <iframe
                frameborder="0"
                height="0"
                src="http://this.is.alink"
                title="This is a title"
                width="100%"
              />
            </div>
          </section>
        </div>
      </div>
    </div>
  </div>
</div>
`;
