// Jest Snapshot v1, https://goo.gl/fbAQLP

exports[`SpecialsPage should call the fetchFromCMS function when the component mounts 1`] = `
<BlogPage
  id={6}
  loading={true}
  slug="this-is-a-slug"
  title="This is a title"
>
  <div
    className="iframe-container "
  >
    <Row
      debug={false}
      debugColor="rgba(51,102,153,0.75)"
      hasMargin={true}
    >
      <BlogPost
        StyledComponent={
          Object {
            "$$typeof": Symbol(react.forward_ref),
            "attrs": Array [],
            "componentStyle": ComponentStyle {
              "componentId": "sc-TOsTZ",
              "isStatic": false,
              "rules": Array [
                "
  width: 100%;
  color: ",
                [Function],
                ";
  background-color: ",
                [Function],
                ";
  margin-top: 20px;
  margin-bottom: 20px;

  @media screen and ",
                [Function],
                " {
    margin-top: ",
                "54",
                "px;
    margin-bottom: 70px;
  }

  ",
                [Function],
                "

  ",
                ".sc-cHGsZl",
                " {
    max-height: 560px;
    min-height: 250px;
  }
",
              ],
            },
            "displayName": "styled.section",
            "foldedComponentIds": Array [],
            "render": [Function],
            "styledComponentId": "sc-TOsTZ",
            "target": "section",
            "toString": [Function],
            "warnTooManyClasses": [Function],
            "withComponent": [Function],
          }
        }
      >
        <Column
          debug={false}
          debugColor="rgba(51,102,153,0.5)"
          order={0}
          push={0}
          span={
            Object {
              "big": 12,
              "large": 12,
              "medium": 12,
              "small": 12,
              "xLarge": 12,
            }
          }
          wrap={true}
        >
          <iframe
            frameBorder="0"
            height={0}
            onLoad={[Function]}
            src="http://this.is.alink"
            title="This is a title"
            width="100%"
          />
        </Column>
      </BlogPost>
    </Row>
  </div>
</BlogPage>
`;
