// Jest Snapshot v1, https://goo.gl/fbAQLP

exports[`MapEmbedButton should render the component 1`] = `
<button
  className="c-embed-button"
  data-test="embed-button"
  onClick={[Function]}
  title="Naar interactieve kaart"
  type="button"
>
  <span
    className="c-embed-button__icon c-embed-button__icon--maximize"
  />
  <span
    className="c-embed-button__label"
  >
    data.amsterdam.nl
  </span>
</button>
`;
