// Jest Snapshot v1, https://goo.gl/fbAQLP

exports[`MapEmbedButton should render the link 1`] = `
<Connect(Link)
  className="c-embed-button qa-embed-button"
  rel="noopener noreferrer"
  target="_blank"
  title="Naar interactieve kaart (Amsterdam City Data)"
  to="atlasRouter/KAART"
>
  <Component
    className="c-embed-button__icon"
  />
  <span
    className="c-embed-button__label"
  >
    City Data
  </span>
</Connect(Link)>
`;
