// Jest Snapshot v1, https://goo.gl/fbAQLP

exports[`App should render the homepage 1`] = `
<ThemeProvider>
  <GlobalStyleComponent />
  <MatomoProvider
    value={MatomoTracker {}}
  >
    <ContextProvider
      value={
        Client {
          "activeOperations": Object {},
          "createOperationContext": [Function],
          "createRequestOperation": [Function],
          "dispatchOperation": [Function],
          "exchange": [Function],
          "executeMutation": [Function],
          "executeQuery": [Function],
          "executeSubscription": [Function],
          "fetch": undefined,
          "fetchOptions": undefined,
          "operations$": [Function],
          "reexecuteOperation": [Function],
          "requestPolicy": "cache-first",
          "results$": [Function],
          "suspense": false,
          "url": "http://localhost:8080/cms_search/graphql/",
        }
      }
    >
      <AppWrapper
        currentPage="DATA"
        hasMaxWidth={false}
        isFullHeight={false}
      >
        <Connect(Header)
          embedPreviewMode={false}
          hasMaxWidth={false}
          homePage={false}
          printMode={false}
          printOrEmbedMode={false}
        />
        <AppBody
          bodyClasses=""
          currentPage="DATA"
          embedPreviewMode={false}
          hasGrid={false}
          homePage={false}
          visibilityError={false}
        />
      </AppWrapper>
    </ContextProvider>
  </MatomoProvider>
</ThemeProvider>
`;

exports[`App should render the mapview 1`] = `
<ThemeProvider>
  <GlobalStyleComponent />
  <MatomoProvider
    value={MatomoTracker {}}
  >
    <ContextProvider
      value={
        Client {
          "activeOperations": Object {},
          "createOperationContext": [Function],
          "createRequestOperation": [Function],
          "dispatchOperation": [Function],
          "exchange": [Function],
          "executeMutation": [Function],
          "executeQuery": [Function],
          "executeSubscription": [Function],
          "fetch": undefined,
          "fetchOptions": undefined,
          "operations$": [Function],
          "reexecuteOperation": [Function],
          "requestPolicy": "cache-first",
          "results$": [Function],
          "suspense": false,
          "url": "http://localhost:8080/cms_search/graphql/",
        }
      }
    >
      <AppWrapper
        currentPage="DATA"
        hasMaxWidth={false}
        isFullHeight={false}
      >
        <Connect(Header)
          embedPreviewMode={false}
          hasMaxWidth={false}
          homePage={false}
          printMode={false}
          printOrEmbedMode={false}
        />
        <AppBody
          bodyClasses=""
          currentPage="DATA"
          embedPreviewMode={false}
          hasGrid={false}
          homePage={false}
          visibilityError={false}
        />
      </AppWrapper>
    </ContextProvider>
  </MatomoProvider>
</ThemeProvider>
`;
