// Jest Snapshot v1, https://goo.gl/fbAQLP

exports[`Detail should render 1`] = `
<div
  className="qa-detail"
>
  <AngularWrapper
    bindings={
      Object {
        "detailData": Object {},
        "detailFilterSelection": Object {},
        "detailTemplateUrl": "",
        "id": "1",
        "isLoading": false,
        "isPreviewPanoramaLoading": false,
        "previewPanorama": null,
        "subType": "nummeraanduiding",
        "user": Object {},
      }
    }
    component="dpDetail"
    dependencies={
      Array [
        "atlas",
      ]
    }
    interpolateBindings={
      Object {
        "endpoint": "http://example.com",
      }
    }
    moduleName="dpDetailWrapper"
  />
  <div
    className="u-row"
  >
    <div
      className="u-col-sm--12"
    >
      <div
        className="u-margin__left--2 u-margin__top--2"
      >
        <Connect(ShareBar) />
      </div>
    </div>
  </div>
</div>
`;
