// Jest Snapshot v1, https://goo.gl/fbAQLP

exports[`MapContainer Map Base Layers should switch from baseLayer if clicked on a different baseLayer dropdown item 1`] = `
Object {
  "baseLayerOptions": Object {
    "bounds": Array [
      Array [
        52.25168,
        4.64034,
      ],
      Array [
        52.50536,
        5.10737,
      ],
    ],
    "maxZoom": 16,
    "minZoom": 8,
    "subdomains": Array [
      "acc.t1",
      "acc.t2",
      "acc.t3",
      "acc.t4",
    ],
    "tms": true,
  },
  "urlTemplate": "https://{s}.data.amsterdam.nl/lufo2018_RD/{z}/{x}/{y}.jpeg",
}
`;

exports[`MapContainer Map Layers should add a the correct layers to the MapLeaflet component on legenda item click 1`] = `
Array [
  Object {
    "id": "bgem",
    "isVisible": true,
    "overlayOptions": Object {
      "format": "image/png",
      "identify": false,
      "layers": Array [
        "burgerlijke_gemeente",
        "burgerlijke_gemeente_label",
      ],
      "transparent": true,
    },
    "url": "https://acc.map.data.amsterdam.nl/maps/brk?service=wms",
  },
  Object {
    "id": "kgem",
    "isVisible": true,
    "overlayOptions": Object {
      "format": "image/png",
      "identify": false,
      "layers": Array [
        "kadastrale_gemeente",
        "kadastrale_gemeente_label",
      ],
      "transparent": true,
    },
    "url": "https://acc.map.data.amsterdam.nl/maps/brk?service=wms",
  },
  Object {
    "id": "ksec",
    "isVisible": true,
    "overlayOptions": Object {
      "format": "image/png",
      "identify": false,
      "layers": Array [
        "kadastrale_sectie",
        "kadastrale_sectie_label",
      ],
      "transparent": true,
    },
    "url": "https://acc.map.data.amsterdam.nl/maps/brk?service=wms",
  },
  Object {
    "id": "kot",
    "isVisible": true,
    "overlayOptions": Object {
      "format": "image/png",
      "identify": false,
      "layers": Array [
        "kadastraal_object",
        "kadastraal_object_label",
      ],
      "transparent": true,
    },
    "url": "https://acc.map.data.amsterdam.nl/maps/brk?service=wms",
  },
]
`;

exports[`MapContainer should render all the components in MapContainer 1`] = `undefined`;
