// Jest Snapshot v1, https://goo.gl/fbAQLP

exports[`SearchPage shows map search results if no query is provided 1`] = `
<SplitScreen
  leftComponent={
    <Connect(MapContainer)
      isFullscreen={false}
      toggleFullscreen={[Function]}
    />
  }
  rightComponent={<Connect(LocationSearch) />}
/>
`;

exports[`SearchPage shows text search result if query is provided 1`] = `<Connect(QuerySearchContainer) />`;
