// Jest Snapshot v1, https://goo.gl/fbAQLP

exports[`The state url conversion factory The default state is exported as DEFAULT_STATE 1`] = `
Object {
  "dataSelection": null,
  "detail": null,
  "filters": Object {},
  "isMapPreviewPanelVisible": false,
  "map": Object {
    "baseLayer": "topografie",
    "drawingMode": "none",
    "isLoading": false,
    "overlays": Array [],
    "selectedLocation": null,
    "shapeAreaTxt": "",
    "shapeDistanceTxt": "",
    "shapeMarkers": 0,
    "viewCenter": Array [
      52.3731081,
      4.8932945,
    ],
    "zoom": 11,
  },
  "mapClickLocation": Object {},
  "mapDetail": Object {
    "byEndpoint": Object {},
    "currentEndpoint": "",
    "isLoading": false,
  },
  "mapSearchResults": Array [],
  "mapSearchResultsByLocation": Object {},
  "page": Object {
    "name": "home",
  },
  "search": null,
  "straatbeeld": null,
  "ui": Object {
    "isEmbed": false,
    "isEmbedPreview": false,
    "isMapFullscreen": false,
    "isMapLayersVisible": true,
    "isMapPanelHandleVisible": true,
    "isMapPanelVisible": false,
    "isPrintMode": false,
  },
  "user": Object {
    "accessToken": "",
    "authenticated": false,
    "error": false,
    "name": "",
    "scopes": Array [],
  },
}
`;
