// Jest Snapshot v1, https://goo.gl/fbAQLP

exports[`MaxPageMessage should render everything 1`] = `
<Panel
  canClose={true}
  closeAction={[Function]}
  isPanelVisible={true}
  size=""
  type="warning"
>
  <div
    className="qa-message-max-pages"
  >
    <h2
      className="c-panel__title"
    >
      Deze pagina kan niet worden getoond
    </h2>
    <p
      className="c-panel__paragraph"
    >
      Alleen de eerste 
      100
       pagina's kunnen worden weergegeven (om technische redenen). Bij downloaden worden wel alle resultaten opgenomen.
    </p>
    <p
      className="c-panel__paragraph"
    >
      Tip: Gebruik de download-knop om alle resultaten te bekijken. Of voeg meer filtercriteria toe voor specifiekere resultaten.
    </p>
  </div>
</Panel>
`;
