// Jest Snapshot v1, https://goo.gl/fbAQLP

exports[`MoreResultsWhenLoggedIn should render everything 1`] = `
<Styled(Notification)
  type="info"
>
  <Styled(Heading)
    forwardedAs="h3"
  >
    Meer resultaten na inloggen
  </Styled(Heading)>
  <p>
    Medewerkers/ketenpartners van Gemeente Amsterdam kunnen inloggen om meer te vinden. 
  </p>
  <Connect(LoginLink) />
</Styled(Notification)>
`;
