// Jest Snapshot v1, https://goo.gl/fbAQLP

exports[`MoreResultsWhenLoggedIn should render everything 1`] = `
<Notification
  canClose={true}
  className=""
  level="info"
  type="info"
>
  <h3
    className="c-panel__title"
  >
    Meer resultaten na inloggen
  </h3>
  <p
    className="c-panel__paragraph"
  >
    Medewerkers/ketenpartners van Gemeente Amsterdam kunnen inloggen om meer te vinden. 
  </p>
  <Connect(LoginLink) />
</Notification>
`;
