// Jest Snapshot v1, https://goo.gl/fbAQLP

exports[`NoDetailsAvailable should render everything 1`] = `
<div
  className="qa-highlight-warning c-panel--offsets-below-page-title"
>
  <Panel
    canClose={true}
    closeAction={[Function]}
    isPanelVisible={null}
    size=""
    type="warning"
  >
    Geen details beschikbaar van: null
  </Panel>
</div>
`;
