// Jest Snapshot v1, https://goo.gl/fbAQLP

exports[`ActualityContainer should render 1`] = `
<div
  className="c-page"
>
  <div
    className="c-dashboard__column  u-col-sm--12 qa-dashboard__column--right"
    style={
      Object {
        "display": "block",
      }
    }
  >
    <div
      className="c-dashboard__page o-max-width"
    >
      <div
        className="c-dashboard__page-inner c-dashboard__content o-max-width__inner u-gutter"
      >
        <h1
          className="o-header__title u-margin__bottom--3"
        >
          Actualiteit
        </h1>
        <div
          className="qa-page"
        >
          <AngularWrapper
            bindings={Object {}}
            component="dpMetadata"
            dependencies={
              Array [
                "atlas",
              ]
            }
            interpolateBindings={Object {}}
            moduleName="dpMetadataWrapper"
          />
        </div>
      </div>
    </div>
  </div>
</div>
`;
