// Jest Snapshot v1, https://goo.gl/fbAQLP

exports[`DetailContainer should render 1`] = `
<div
  className="qa-detail"
>
  <AngularWrapper
    bindings={
      Object {
        "isLoading": false,
        "isPreviewPanoramaLoading": false,
        "previewPanorama": undefined,
        "user": Object {},
      }
    }
    component="dpDetail"
    dependencies={
      Array [
        "atlas",
      ]
    }
    interpolateBindings={
      Object {
        "endpoint": "http://example.com",
      }
    }
    moduleName="dpDetailWrapper"
  />
</div>
`;
