// Jest Snapshot v1, https://goo.gl/fbAQLP

exports[`Search should shallow the searchbar and searchtoggle 1`] = `
.c1 {
  display: block;
  position: fixed;
  top: 0;
  right: 0;
  bottom: 0;
  left: 0;
  background-color: rgba(0,0,0,0.7);
  z-index: 20;
}

.c0 {
  display: none;
}

@media screen and (max-width:767px) {
  .c0 {
    display: none;
  }
}

<Styled(BackDrop)
  expanded={false}
  hideOverFlow={false}
>
  <StyledComponent
    expanded={false}
    forwardedComponent={
      Object {
        "$$typeof": Symbol(react.forward_ref),
        "attrs": Array [],
        "componentStyle": ComponentStyle {
          "componentId": "sc-hXRMBi",
          "isStatic": false,
          "lastClassName": "c0",
          "rules": Array [
            "
  ",
            [Function],
            "

  @media screen and ",
            [Function],
            " {
    display: none;
  }
",
          ],
        },
        "displayName": "Styled(BackDrop)",
        "foldedComponentIds": Array [],
        "render": [Function],
        "styledComponentId": "sc-hXRMBi",
        "target": [Function],
        "toString": [Function],
        "usesTheme": false,
        "warnTooManyClasses": [Function],
        "withComponent": [Function],
      }
    }
    forwardedRef={null}
    hideOverFlow={false}
  >
    <BackDrop
      className="c0"
      expanded={false}
      hideOverFlow={false}
    >
      <Portal
        hideOverFlow={false}
      >
        <Portal
          containerInfo={
            .c0 {
  display: block;
  position: fixed;
  top: 0;
  right: 0;
  bottom: 0;
  left: 0;
  background-color: rgba(0,0,0,0.7);
  z-index: 20;
}

.c1 {
  display: none;
}

@media screen and (max-width:767px) {
  .c1 {
    display: none;
  }
}

<div
              style="position: absolute;"
            >
              <div
                class="c0 c1"
              />
            </div>
          }
        >
          <styled.div
            className="c0"
            expanded={false}
          >
            <StyledComponent
              className="c0"
              expanded={false}
              forwardedComponent={
                Object {
                  "$$typeof": Symbol(react.forward_ref),
                  "attrs": Array [],
                  "componentStyle": ComponentStyle {
                    "componentId": "sc-htpNat",
                    "isStatic": false,
                    "lastClassName": "c1",
                    "rules": Array [
                      "
  display: block;
  ",
                      "position: fixed;",
                      "top: 0;",
                      "right: 0;",
                      "bottom: 0;",
                      "left: 0;",
                      ";
  background-color: ",
                      [Function],
                      ";
  z-index: ",
                      "20",
                      ";
",
                    ],
                  },
                  "displayName": "styled.div",
                  "foldedComponentIds": Array [],
                  "render": [Function],
                  "styledComponentId": "sc-htpNat",
                  "target": "div",
                  "toString": [Function],
                  "usesTheme": false,
                  "warnTooManyClasses": [Function],
                  "withComponent": [Function],
                }
              }
              forwardedRef={null}
            >
              <div
                className="c1 c0"
              />
            </StyledComponent>
          </styled.div>
        </Portal>
      </Portal>
    </BackDrop>
  </StyledComponent>
</Styled(BackDrop)>
`;
