// Jest Snapshot v1, https://goo.gl/fbAQLP

exports[`AutoSuggestItem should render the item 1`] = `
<li
  className=""
>
  <button
    className="
        auto-suggest__dropdown-item
          auto-suggest__dropdown-item--inactive
        "
    onClick={[MockFunction]}
    type="button"
  >
    <div>
      <span
        className="icon"
      >
        <Component />
      </span>
      <span
        dangerouslySetInnerHTML={
          Object {
            "__html": "<span class=\\"auto-suggest__dropdown__highlight\\">Dam</span> 10",
          }
        }
      />
    </div>
  </button>
</li>
`;
