// Jest Snapshot v1, https://goo.gl/fbAQLP

exports[`RdGeoJson component should call geoJson with expected arguments 1`] = `
Array [
  Array [
    Object {
      "coordinates": Array [
        Array [
          Array [
            Array [
              121354.82,
              487493.672,
            ],
            Array [
              121355.332,
              487498.93,
            ],
            Array [
              121349.41,
              487499.506,
            ],
            Array [
              121348.903,
              487494.304,
            ],
            Array [
              121354.82,
              487493.672,
            ],
          ],
        ],
      ],
      "crs": Object {
        "properties": Object {
          "name": "EPSG:28992",
        },
        "type": "name",
      },
      "type": "MultiPolygon",
    },
    Object {
      "pointToLayer": [Function],
      "style": [Function],
    },
  ],
]
`;
